First ping test - Success
Second ping test - Failed
